--------------------------------------------------------------------------------
Release 14.7 Trace  (lin64)
Copyright (c) 1995-2013 Xilinx, Inc.  All rights reserved.

/opt/Xilinx/14.7/ISE_DS/ISE/bin/lin64/unwrapped/trce -intstyle ise -v 3 -s 5 -n
3 -fastpaths -xml hex_7display.twx hex_7display.ncd -o hex_7display.twr
hex_7display.pcf -ucf hex_7display.ucf

Design file:              hex_7display.ncd
Physical constraint file: hex_7display.pcf
Device,package,speed:     xc3s500e,fg320,-5 (PRODUCTION 1.27 2013-10-13)
Report level:             verbose report

Environment Variable      Effect 
--------------------      ------ 
NONE                      No environment variables were set
--------------------------------------------------------------------------------

INFO:Timing:2698 - No timing constraints found, doing default enumeration.
INFO:Timing:3412 - To improve timing, see the Timing Closure User Guide (UG612).
INFO:Timing:2752 - To get complete path coverage, use the unconstrained paths 
   option. All paths that are not constrained will be reported in the 
   unconstrained paths section(s) of the report.
INFO:Timing:3339 - The clock-to-out numbers in this timing report are based on 
   a 50 Ohm transmission line loading model.  For the details of this model, 
   and for more information on accounting for different loading conditions, 
   please see the device datasheet.
INFO:Timing:3390 - This architecture does not support a default System Jitter 
   value, please add SYSTEM_JITTER constraint to the UCF to modify the Clock 
   Uncertainty calculation.
INFO:Timing:3389 - This architecture does not support 'Discrete Jitter' and 
   'Phase Error' calculations, these terms will be zero in the Clock 
   Uncertainty calculation.  Please make appropriate modification to 
   SYSTEM_JITTER to account for the unsupported Discrete Jitter and Phase 
   Error.



Data Sheet report:
-----------------
All values displayed in nanoseconds (ns)

Pad to Pad
---------------+---------------+---------+
Source Pad     |Destination Pad|  Delay  |
---------------+---------------+---------+
c<0>           |hex<0>         |    6.311|
c<0>           |hex<1>         |    5.897|
c<0>           |hex<2>         |    6.253|
c<0>           |hex<3>         |    6.080|
c<0>           |hex<4>         |    6.071|
c<0>           |hex<5>         |    6.477|
c<0>           |hex<6>         |    5.953|
c<1>           |hex<0>         |    6.745|
c<1>           |hex<1>         |    6.560|
c<1>           |hex<2>         |    6.943|
c<1>           |hex<3>         |    6.485|
c<1>           |hex<4>         |    6.543|
c<1>           |hex<5>         |    6.922|
c<1>           |hex<6>         |    6.425|
c<2>           |hex<0>         |    7.554|
c<2>           |hex<1>         |    7.009|
c<2>           |hex<2>         |    7.398|
c<2>           |hex<3>         |    7.272|
c<2>           |hex<4>         |    7.495|
c<2>           |hex<5>         |    7.868|
c<2>           |hex<6>         |    7.377|
c<3>           |hex<0>         |    7.107|
c<3>           |hex<1>         |    6.783|
c<3>           |hex<2>         |    7.116|
c<3>           |hex<3>         |    6.881|
c<3>           |hex<4>         |    7.000|
c<3>           |hex<5>         |    7.429|
c<3>           |hex<6>         |    6.882|
---------------+---------------+---------+


Analysis completed Tue Mar 26 15:45:48 2019 
--------------------------------------------------------------------------------

Trace Settings:
-------------------------
Trace Settings 

Peak Memory Usage: 347 MB



