--------------------------------------------------------------------------------
Release 14.7 Trace  (lin64)
Copyright (c) 1995-2013 Xilinx, Inc.  All rights reserved.

/opt/Xilinx/14.7/ISE_DS/ISE/bin/lin64/unwrapped/trce -intstyle ise -v 3 -s 5 -n
3 -fastpaths -xml barrel_shifter_hex.twx barrel_shifter_hex.ncd -o
barrel_shifter_hex.twr barrel_shifter_hex.pcf -ucf fsr.ucf

Design file:              barrel_shifter_hex.ncd
Physical constraint file: barrel_shifter_hex.pcf
Device,package,speed:     xc3s500e,fg320,-5 (PRODUCTION 1.27 2013-10-13)
Report level:             verbose report

Environment Variable      Effect 
--------------------      ------ 
NONE                      No environment variables were set
--------------------------------------------------------------------------------

INFO:Timing:2698 - No timing constraints found, doing default enumeration.
INFO:Timing:3412 - To improve timing, see the Timing Closure User Guide (UG612).
INFO:Timing:2752 - To get complete path coverage, use the unconstrained paths 
   option. All paths that are not constrained will be reported in the 
   unconstrained paths section(s) of the report.
INFO:Timing:3339 - The clock-to-out numbers in this timing report are based on 
   a 50 Ohm transmission line loading model.  For the details of this model, 
   and for more information on accounting for different loading conditions, 
   please see the device datasheet.
INFO:Timing:3390 - This architecture does not support a default System Jitter 
   value, please add SYSTEM_JITTER constraint to the UCF to modify the Clock 
   Uncertainty calculation.
INFO:Timing:3389 - This architecture does not support 'Discrete Jitter' and 
   'Phase Error' calculations, these terms will be zero in the Clock 
   Uncertainty calculation.  Please make appropriate modification to 
   SYSTEM_JITTER to account for the unsupported Discrete Jitter and Phase 
   Error.



Data Sheet report:
-----------------
All values displayed in nanoseconds (ns)

Pad to Pad
---------------+---------------+---------+
Source Pad     |Destination Pad|  Delay  |
---------------+---------------+---------+
a<0>           |hex<0>         |    8.013|
a<0>           |hex<1>         |    7.983|
a<0>           |hex<2>         |    8.974|
a<0>           |hex<3>         |    8.800|
a<0>           |hex<4>         |    8.632|
a<0>           |hex<5>         |    7.386|
a<0>           |hex<6>         |    8.834|
a<1>           |hex<0>         |    8.347|
a<1>           |hex<1>         |    8.172|
a<1>           |hex<2>         |    9.376|
a<1>           |hex<3>         |    9.473|
a<1>           |hex<4>         |    9.021|
a<1>           |hex<5>         |    7.866|
a<1>           |hex<6>         |    8.615|
a<2>           |hex<0>         |    8.944|
a<2>           |hex<1>         |    8.914|
a<2>           |hex<2>         |    9.905|
a<2>           |hex<3>         |    9.966|
a<2>           |hex<4>         |    9.563|
a<2>           |hex<5>         |    8.359|
a<2>           |hex<6>         |    9.765|
a<3>           |hex<0>         |    9.003|
a<3>           |hex<1>         |    8.505|
a<3>           |hex<2>         |    9.846|
a<3>           |hex<3>         |    9.938|
a<3>           |hex<4>         |    9.397|
a<3>           |hex<5>         |    8.336|
a<3>           |hex<6>         |    9.643|
sel<0>         |hex<0>         |    8.931|
sel<0>         |hex<1>         |    8.756|
sel<0>         |hex<2>         |    9.960|
sel<0>         |hex<3>         |   10.057|
sel<0>         |hex<4>         |    9.605|
sel<0>         |hex<5>         |    8.450|
sel<0>         |hex<6>         |    9.281|
sel<1>         |hex<0>         |    8.187|
sel<1>         |hex<1>         |    8.157|
sel<1>         |hex<2>         |    9.148|
sel<1>         |hex<3>         |    8.974|
sel<1>         |hex<4>         |    8.806|
sel<1>         |hex<5>         |    7.560|
sel<1>         |hex<6>         |    9.008|
---------------+---------------+---------+


Analysis completed Tue May 28 14:22:42 2019 
--------------------------------------------------------------------------------

Trace Settings:
-------------------------
Trace Settings 

Peak Memory Usage: 347 MB



